I'm sorry, but errors were detected in your script. Please correct the
errors listed below, and try again.


File "game/script.rpy", line 10: expected '=' not found.
    define location "Dormitory"
                    ^

Ren'Py Version: Ren'Py 7.3.5.606
Sat May 09 17:19:32 2020
